true
false
12
-6
one two three
true
false
false
one two str
false
false
true
true
false
true
